NOTE: Picked up JDK_JAVA_OPTIONS:  --add-opens=java.base/java.lang=ALL-UNNAMED --add-opens=java.base/java.lang.invoke=ALL-UNNAMED --add-opens=java.base/java.lang.reflect=ALL-UNNAMED --add-opens=java.base/java.io=ALL-UNNAMED --add-opens=java.base/java.util=ALL-UNNAMED --add-opens=java.base/java.util.concurrent=ALL-UNNAMED --add-opens=java.rmi/sun.rmi.transport=ALL-UNNAMED
09-Aug-2026 21:31:39.391 INFO [main] org.apache.catalina.startup.VersionLoggerListener.log Server version name:   Apache Tomcat/9.0.120
09-Aug-2026 21:31:39.396 INFO [main] org.apache.catalina.startup.VersionLoggerListener.log Server built:          Jul 3 2026 07:49:53 UTC
09-Aug-2026 21:31:39.397 INFO [main] org.apache.catalina.startup.VersionLoggerListener.log Server version number: 9.0.120.0
09-Aug-2026 21:31:39.397 INFO [main] org.apache.catalina.startup.VersionLoggerListener.log OS Name:               Windows 11
09-Aug-2026 21:31:39.398 INFO [main] org.apache.catalina.startup.VersionLoggerListener.log OS Version:            10.0
09-Aug-2026 21:31:39.398 INFO [main] org.apache.catalina.startup.VersionLoggerListener.log Architecture:          amd64
09-Aug-2026 21:31:39.398 INFO [main] org.apache.catalina.startup.VersionLoggerListener.log Java Home:             C:\Program Files\RedHat\java-17-openjdk-17.0.19.0.10-1
09-Aug-2026 21:31:39.399 INFO [main] org.apache.catalina.startup.VersionLoggerListener.log JVM Version:           17.0.19+10-LTS
09-Aug-2026 21:31:39.399 INFO [main] org.apache.catalina.startup.VersionLoggerListener.log JVM Vendor:            Red Hat, Inc.
09-Aug-2026 21:31:39.399 INFO [main] org.apache.catalina.startup.VersionLoggerListener.log CATALINA_BASE:         C:\Users\anshm\Downloads\apache-tomcat-9.0.120-windows-x64\apache-tomcat-9.0.120
09-Aug-2026 21:31:39.400 INFO [main] org.apache.catalina.startup.VersionLoggerListener.log CATALINA_HOME:         C:\Users\anshm\Downloads\apache-tomcat-9.0.120-windows-x64\apache-tomcat-9.0.120
09-Aug-2026 21:31:39.410 INFO [main] org.apache.catalina.startup.VersionLoggerListener.log Command line argument: --add-opens=java.base/java.lang=ALL-UNNAMED
09-Aug-2026 21:31:39.411 INFO [main] org.apache.catalina.startup.VersionLoggerListener.log Command line argument: --add-opens=java.base/java.lang.invoke=ALL-UNNAMED
09-Aug-2026 21:31:39.411 INFO [main] org.apache.catalina.startup.VersionLoggerListener.log Command line argument: --add-opens=java.base/java.lang.reflect=ALL-UNNAMED
09-Aug-2026 21:31:39.412 INFO [main] org.apache.catalina.startup.VersionLoggerListener.log Command line argument: --add-opens=java.base/java.io=ALL-UNNAMED
09-Aug-2026 21:31:39.412 INFO [main] org.apache.catalina.startup.VersionLoggerListener.log Command line argument: --add-opens=java.base/java.util=ALL-UNNAMED
09-Aug-2026 21:31:39.412 INFO [main] org.apache.catalina.startup.VersionLoggerListener.log Command line argument: --add-opens=java.base/java.util.concurrent=ALL-UNNAMED
09-Aug-2026 21:31:39.413 INFO [main] org.apache.catalina.startup.VersionLoggerListener.log Command line argument: --add-opens=java.rmi/sun.rmi.transport=ALL-UNNAMED
09-Aug-2026 21:31:39.413 INFO [main] org.apache.catalina.startup.VersionLoggerListener.log Command line argument: -Djava.util.logging.config.file=C:\Users\anshm\Downloads\apache-tomcat-9.0.120-windows-x64\apache-tomcat-9.0.120\conf\logging.properties
09-Aug-2026 21:31:39.413 INFO [main] org.apache.catalina.startup.VersionLoggerListener.log Command line argument: -Djava.util.logging.manager=org.apache.juli.ClassLoaderLogManager
09-Aug-2026 21:31:39.414 INFO [main] org.apache.catalina.startup.VersionLoggerListener.log Command line argument: -Djdk.tls.ephemeralDHKeySize=2048
09-Aug-2026 21:31:39.414 INFO [main] org.apache.catalina.startup.VersionLoggerListener.log Command line argument: -Djava.protocol.handler.pkgs=org.apache.catalina.webresources
09-Aug-2026 21:31:39.415 INFO [main] org.apache.catalina.startup.VersionLoggerListener.log Command line argument: -Dsun.io.useCanonCaches=false
09-Aug-2026 21:31:39.415 INFO [main] org.apache.catalina.startup.VersionLoggerListener.log Command line argument: -Dignore.endorsed.dirs=
09-Aug-2026 21:31:39.415 INFO [main] org.apache.catalina.startup.VersionLoggerListener.log Command line argument: -Dcatalina.base=C:\Users\anshm\Downloads\apache-tomcat-9.0.120-windows-x64\apache-tomcat-9.0.120
09-Aug-2026 21:31:39.416 INFO [main] org.apache.catalina.startup.VersionLoggerListener.log Command line argument: -Dcatalina.home=C:\Users\anshm\Downloads\apache-tomcat-9.0.120-windows-x64\apache-tomcat-9.0.120
09-Aug-2026 21:31:39.416 INFO [main] org.apache.catalina.startup.VersionLoggerListener.log Command line argument: -Djava.io.tmpdir=C:\Users\anshm\Downloads\apache-tomcat-9.0.120-windows-x64\apache-tomcat-9.0.120\temp
09-Aug-2026 21:31:39.424 INFO [main] org.apache.catalina.core.AprLifecycleListener.lifecycleEvent Loaded Apache Tomcat Native library [1.3.8] using APR version [1.7.6].
09-Aug-2026 21:31:39.425 INFO [main] org.apache.catalina.core.AprLifecycleListener.lifecycleEvent APR capabilities: IPv6 [true], sendfile [true], accept filters [false], random [true], UDS [true].
09-Aug-2026 21:31:39.425 INFO [main] org.apache.catalina.core.AprLifecycleListener.lifecycleEvent APR/OpenSSL configuration: useAprConnector [false], useOpenSSL [true]
09-Aug-2026 21:31:39.450 INFO [main] org.apache.catalina.core.AprLifecycleListener.initializeSSL OpenSSL successfully initialized [OpenSSL 3.0.21 9 Jun 2026]
09-Aug-2026 21:31:39.734 INFO [main] org.apache.coyote.AbstractProtocol.init Initializing ProtocolHandler ["http-nio-8080"]
09-Aug-2026 21:31:39.764 INFO [main] org.apache.catalina.startup.Catalina.load Server initialization in [581] milliseconds
09-Aug-2026 21:31:39.818 INFO [main] org.apache.catalina.core.StandardService.startInternal Starting service [Catalina]
09-Aug-2026 21:31:39.818 INFO [main] org.apache.catalina.core.StandardEngine.startInternal Starting Servlet engine: [Apache Tomcat/9.0.120]
09-Aug-2026 21:31:39.832 INFO [main] org.apache.catalina.startup.HostConfig.deployWAR Deploying web application archive [C:\Users\anshm\Downloads\apache-tomcat-9.0.120-windows-x64\apache-tomcat-9.0.120\webapps\FirstServletProject.war]
09-Aug-2026 21:31:40.234 INFO [main] org.apache.catalina.startup.HostConfig.deployWAR Deployment of web application archive [C:\Users\anshm\Downloads\apache-tomcat-9.0.120-windows-x64\apache-tomcat-9.0.120\webapps\FirstServletProject.war] has finished in [402] ms
09-Aug-2026 21:31:40.241 INFO [main] org.apache.catalina.startup.HostConfig.deployWAR Deploying web application archive [C:\Users\anshm\Downloads\apache-tomcat-9.0.120-windows-x64\apache-tomcat-9.0.120\webapps\MyGreetingsApp.war]
09-Aug-2026 21:31:41.967 INFO [main] org.apache.jasper.servlet.TldScanner.scanJars At least one JAR was scanned for TLDs yet contained no TLDs. Enable debug logging for this logger for a complete list of JARs that were scanned but no TLDs were found in them. Skipping unneeded JARs during scanning can improve startup time and JSP compilation time.
09-Aug-2026 21:31:42.241 INFO [main] org.springframework.web.servlet.FrameworkServlet.initServletBean Initializing Servlet 'dispatcher'
09-Aug-2026 21:31:43.811 INFO [main] org.springframework.web.servlet.FrameworkServlet.initServletBean Completed initialization in 1570 ms
09-Aug-2026 21:31:43.818 INFO [main] org.apache.catalina.startup.HostConfig.deployWAR Deployment of web application archive [C:\Users\anshm\Downloads\apache-tomcat-9.0.120-windows-x64\apache-tomcat-9.0.120\webapps\MyGreetingsApp.war] has finished in [3,577] ms
09-Aug-2026 21:31:43.818 INFO [main] org.apache.catalina.startup.HostConfig.deployDirectory Deploying web application directory [C:\Users\anshm\Downloads\apache-tomcat-9.0.120-windows-x64\apache-tomcat-9.0.120\webapps\docs]
09-Aug-2026 21:31:43.871 INFO [main] org.apache.catalina.startup.HostConfig.deployDirectory Deployment of web application directory [C:\Users\anshm\Downloads\apache-tomcat-9.0.120-windows-x64\apache-tomcat-9.0.120\webapps\docs] has finished in [53] ms
09-Aug-2026 21:31:43.873 INFO [main] org.apache.catalina.startup.HostConfig.deployDirectory Deploying web application directory [C:\Users\anshm\Downloads\apache-tomcat-9.0.120-windows-x64\apache-tomcat-9.0.120\webapps\examples]
