NOTE: Picked up JDK_JAVA_OPTIONS:  --add-opens=java.base/java.lang=ALL-UNNAMED --add-opens=java.base/java.lang.invoke=ALL-UNNAMED --add-opens=java.base/java.lang.reflect=ALL-UNNAMED --add-opens=java.base/java.io=ALL-UNNAMED --add-opens=java.base/java.util=ALL-UNNAMED --add-opens=java.base/java.util.concurrent=ALL-UNNAMED --add-opens=java.rmi/sun.rmi.transport=ALL-UNNAMED
09-Aug-2026 21:58:04.757 INFO [main] org.apache.catalina.startup.VersionLoggerListener.log Server version name:   Apache Tomcat/9.0.120
09-Aug-2026 21:58:04.765 INFO [main] org.apache.catalina.startup.VersionLoggerListener.log Server built:          Jul 3 2026 07:49:53 UTC
09-Aug-2026 21:58:04.765 INFO [main] org.apache.catalina.startup.VersionLoggerListener.log Server version number: 9.0.120.0
09-Aug-2026 21:58:04.765 INFO [main] org.apache.catalina.startup.VersionLoggerListener.log OS Name:               Windows 11
09-Aug-2026 21:58:04.765 INFO [main] org.apache.catalina.startup.VersionLoggerListener.log OS Version:            10.0
09-Aug-2026 21:58:04.765 INFO [main] org.apache.catalina.startup.VersionLoggerListener.log Architecture:          amd64
09-Aug-2026 21:58:04.771 INFO [main] org.apache.catalina.startup.VersionLoggerListener.log Java Home:             C:\Program Files\RedHat\java-17-openjdk-17.0.19.0.10-1
09-Aug-2026 21:58:04.771 INFO [main] org.apache.catalina.startup.VersionLoggerListener.log JVM Version:           17.0.19+10-LTS
09-Aug-2026 21:58:04.773 INFO [main] org.apache.catalina.startup.VersionLoggerListener.log JVM Vendor:            Red Hat, Inc.
09-Aug-2026 21:58:04.773 INFO [main] org.apache.catalina.startup.VersionLoggerListener.log CATALINA_BASE:         C:\Users\anshm\Downloads\apache-tomcat-9.0.120-windows-x64\apache-tomcat-9.0.120
09-Aug-2026 21:58:04.773 INFO [main] org.apache.catalina.startup.VersionLoggerListener.log CATALINA_HOME:         C:\Users\anshm\Downloads\apache-tomcat-9.0.120-windows-x64\apache-tomcat-9.0.120
09-Aug-2026 21:58:04.779 INFO [main] org.apache.catalina.startup.VersionLoggerListener.log Command line argument: --add-opens=java.base/java.lang=ALL-UNNAMED
09-Aug-2026 21:58:04.779 INFO [main] org.apache.catalina.startup.VersionLoggerListener.log Command line argument: --add-opens=java.base/java.lang.invoke=ALL-UNNAMED
09-Aug-2026 21:58:04.785 INFO [main] org.apache.catalina.startup.VersionLoggerListener.log Command line argument: --add-opens=java.base/java.lang.reflect=ALL-UNNAMED
09-Aug-2026 21:58:04.785 INFO [main] org.apache.catalina.startup.VersionLoggerListener.log Command line argument: --add-opens=java.base/java.io=ALL-UNNAMED
09-Aug-2026 21:58:04.785 INFO [main] org.apache.catalina.startup.VersionLoggerListener.log Command line argument: --add-opens=java.base/java.util=ALL-UNNAMED
09-Aug-2026 21:58:04.785 INFO [main] org.apache.catalina.startup.VersionLoggerListener.log Command line argument: --add-opens=java.base/java.util.concurrent=ALL-UNNAMED
09-Aug-2026 21:58:04.785 INFO [main] org.apache.catalina.startup.VersionLoggerListener.log Command line argument: --add-opens=java.rmi/sun.rmi.transport=ALL-UNNAMED
09-Aug-2026 21:58:04.785 INFO [main] org.apache.catalina.startup.VersionLoggerListener.log Command line argument: -Djava.util.logging.config.file=C:\Users\anshm\Downloads\apache-tomcat-9.0.120-windows-x64\apache-tomcat-9.0.120\conf\logging.properties
09-Aug-2026 21:58:04.785 INFO [main] org.apache.catalina.startup.VersionLoggerListener.log Command line argument: -Djava.util.logging.manager=org.apache.juli.ClassLoaderLogManager
09-Aug-2026 21:58:04.785 INFO [main] org.apache.catalina.startup.VersionLoggerListener.log Command line argument: -Djdk.tls.ephemeralDHKeySize=2048
09-Aug-2026 21:58:04.785 INFO [main] org.apache.catalina.startup.VersionLoggerListener.log Command line argument: -Djava.protocol.handler.pkgs=org.apache.catalina.webresources
09-Aug-2026 21:58:04.790 INFO [main] org.apache.catalina.startup.VersionLoggerListener.log Command line argument: -Dsun.io.useCanonCaches=false
09-Aug-2026 21:58:04.790 INFO [main] org.apache.catalina.startup.VersionLoggerListener.log Command line argument: -Dignore.endorsed.dirs=
09-Aug-2026 21:58:04.790 INFO [main] org.apache.catalina.startup.VersionLoggerListener.log Command line argument: -Dcatalina.base=C:\Users\anshm\Downloads\apache-tomcat-9.0.120-windows-x64\apache-tomcat-9.0.120
09-Aug-2026 21:58:04.790 INFO [main] org.apache.catalina.startup.VersionLoggerListener.log Command line argument: -Dcatalina.home=C:\Users\anshm\Downloads\apache-tomcat-9.0.120-windows-x64\apache-tomcat-9.0.120
09-Aug-2026 21:58:04.791 INFO [main] org.apache.catalina.startup.VersionLoggerListener.log Command line argument: -Djava.io.tmpdir=C:\Users\anshm\Downloads\apache-tomcat-9.0.120-windows-x64\apache-tomcat-9.0.120\temp
09-Aug-2026 21:58:04.798 INFO [main] org.apache.catalina.core.AprLifecycleListener.lifecycleEvent Loaded Apache Tomcat Native library [1.3.8] using APR version [1.7.6].
09-Aug-2026 21:58:04.799 INFO [main] org.apache.catalina.core.AprLifecycleListener.lifecycleEvent APR capabilities: IPv6 [true], sendfile [true], accept filters [false], random [true], UDS [true].
09-Aug-2026 21:58:04.799 INFO [main] org.apache.catalina.core.AprLifecycleListener.lifecycleEvent APR/OpenSSL configuration: useAprConnector [false], useOpenSSL [true]
09-Aug-2026 21:58:04.806 INFO [main] org.apache.catalina.core.AprLifecycleListener.initializeSSL OpenSSL successfully initialized [OpenSSL 3.0.21 9 Jun 2026]
09-Aug-2026 21:58:05.146 INFO [main] org.apache.coyote.AbstractProtocol.init Initializing ProtocolHandler ["http-nio-8080"]
09-Aug-2026 21:58:05.174 INFO [main] org.apache.catalina.startup.Catalina.load Server initialization in [638] milliseconds
09-Aug-2026 21:58:05.236 INFO [main] org.apache.catalina.core.StandardService.startInternal Starting service [Catalina]
09-Aug-2026 21:58:05.243 INFO [main] org.apache.catalina.core.StandardEngine.startInternal Starting Servlet engine: [Apache Tomcat/9.0.120]
09-Aug-2026 21:58:05.257 INFO [main] org.apache.catalina.startup.HostConfig.deployWAR Deploying web application archive [C:\Users\anshm\Downloads\apache-tomcat-9.0.120-windows-x64\apache-tomcat-9.0.120\webapps\FirstServletProject.war]
09-Aug-2026 21:58:05.618 INFO [main] org.apache.catalina.startup.HostConfig.deployWAR Deployment of web application archive [C:\Users\anshm\Downloads\apache-tomcat-9.0.120-windows-x64\apache-tomcat-9.0.120\webapps\FirstServletProject.war] has finished in [361] ms
09-Aug-2026 21:58:05.625 INFO [main] org.apache.catalina.startup.HostConfig.deployWAR Deploying web application archive [C:\Users\anshm\Downloads\apache-tomcat-9.0.120-windows-x64\apache-tomcat-9.0.120\webapps\MyGreetingsApp.war]
09-Aug-2026 21:58:06.997 INFO [main] org.apache.jasper.servlet.TldScanner.scanJars At least one JAR was scanned for TLDs yet contained no TLDs. Enable debug logging for this logger for a complete list of JARs that were scanned but no TLDs were found in them. Skipping unneeded JARs during scanning can improve startup time and JSP compilation time.
09-Aug-2026 21:58:07.299 INFO [main] org.springframework.web.servlet.FrameworkServlet.initServletBean Initializing Servlet 'dispatcher'
09-Aug-2026 21:58:08.778 INFO [main] org.springframework.web.servlet.FrameworkServlet.initServletBean Completed initialization in 1479 ms
09-Aug-2026 21:58:08.785 INFO [main] org.apache.catalina.startup.HostConfig.deployWAR Deployment of web application archive [C:\Users\anshm\Downloads\apache-tomcat-9.0.120-windows-x64\apache-tomcat-9.0.120\webapps\MyGreetingsApp.war] has finished in [3,160] ms
09-Aug-2026 21:58:08.785 INFO [main] org.apache.catalina.startup.HostConfig.deployDirectory Deploying web application directory [C:\Users\anshm\Downloads\apache-tomcat-9.0.120-windows-x64\apache-tomcat-9.0.120\webapps\docs]
09-Aug-2026 21:58:08.833 INFO [main] org.apache.catalina.startup.HostConfig.deployDirectory Deployment of web application directory [C:\Users\anshm\Downloads\apache-tomcat-9.0.120-windows-x64\apache-tomcat-9.0.120\webapps\docs] has finished in [48] ms
09-Aug-2026 21:58:08.840 INFO [main] org.apache.catalina.startup.HostConfig.deployDirectory Deploying web application directory [C:\Users\anshm\Downloads\apache-tomcat-9.0.120-windows-x64\apache-tomcat-9.0.120\webapps\examples]
09-Aug-2026 21:58:09.362 INFO [main] org.apache.catalina.startup.HostConfig.deployDirectory Deployment of web application directory [C:\Users\anshm\Downloads\apache-tomcat-9.0.120-windows-x64\apache-tomcat-9.0.120\webapps\examples] has finished in [529] ms
09-Aug-2026 21:58:09.362 INFO [main] org.apache.catalina.startup.HostConfig.deployDirectory Deploying web application directory [C:\Users\anshm\Downloads\apache-tomcat-9.0.120-windows-x64\apache-tomcat-9.0.120\webapps\host-manager]
09-Aug-2026 21:58:09.431 INFO [main] org.apache.catalina.startup.HostConfig.deployDirectory Deployment of web application directory [C:\Users\anshm\Downloads\apache-tomcat-9.0.120-windows-x64\apache-tomcat-9.0.120\webapps\host-manager] has finished in [69] ms
09-Aug-2026 21:58:09.431 INFO [main] org.apache.catalina.startup.HostConfig.deployDirectory Deploying web application directory [C:\Users\anshm\Downloads\apache-tomcat-9.0.120-windows-x64\apache-tomcat-9.0.120\webapps\manager]
09-Aug-2026 21:58:09.495 INFO [main] org.apache.catalina.startup.HostConfig.deployDirectory Deployment of web application directory [C:\Users\anshm\Downloads\apache-tomcat-9.0.120-windows-x64\apache-tomcat-9.0.120\webapps\manager] has finished in [64] ms
09-Aug-2026 21:58:09.495 INFO [main] org.apache.catalina.startup.HostConfig.deployDirectory Deploying web application directory [C:\Users\anshm\Downloads\apache-tomcat-9.0.120-windows-x64\apache-tomcat-9.0.120\webapps\ROOT]
09-Aug-2026 21:58:09.528 INFO [main] org.apache.catalina.startup.HostConfig.deployDirectory Deployment of web application directory [C:\Users\anshm\Downloads\apache-tomcat-9.0.120-windows-x64\apache-tomcat-9.0.120\webapps\ROOT] has finished in [33] ms
09-Aug-2026 21:58:09.537 INFO [main] org.apache.coyote.AbstractProtocol.start Starting ProtocolHandler ["http-nio-8080"]
09-Aug-2026 21:58:09.614 INFO [main] org.apache.catalina.startup.Catalina.start Server startup in [4437] milliseconds
